01100001000000101100000000000000
01100010000001111100000000000000
01100010100001111000000000000000
01000011000010000000000000000000
01100001001100110000000000000000
01100010101110010100000000000000
01100000101101000100000000000000
01100010011001101000000000000000
00011100000000000000000000000000
00011000000000000000000000000000
00100100000100000000000000000000
00010001000000000000000000000000
00101001100100001111111111111110
00100000000100001111111111111110
00111001100100000000000000000000
00001101110000000000000000000000
00001000000000100000000000000000
00110000000010000000000000000000
10000000000000000000000000000000
10100000000000000000000000000000
10010000000000000000000000000000
10101000000000000000000000000000
10110000000000000000000000000000
10110100000000000000000000000000
10101100000000000000000000000000
11000000000000000000000000000000
00000000000000000000000000000000